v0.6 on the 6 cohorts known on 2025-01-01, 240 calls
                             v0.6     rule    floor
precision                   25.0%    22.1%    19.2%
auc                         0.818    0.762    0.780

slice                     leavers   called    floor
region Midwest                 18    77.8%    57.1%
region Northeast               28    53.6%    33.3%
region Southeast               19    42.1%    20.0%
region Southwest               37    40.5%    25.0%
region West                    20    40.0%    19.0%
segment Mid-market             17    29.4%     7.7%
segment Small business        101    52.5%    43.1%
size smallest                  60    68.3%    56.2%
size second                    29    44.8%    28.0%
size third                     19    31.6%    11.5%
size largest                   14     0.0%     0.0%
tenure under 1 year            18    61.1%    38.1%
tenure 1-3 years               19    47.4%    24.0%
tenure 3-6 years               25    48.0%    28.0%
tenure over 6 years            60    46.7%    34.5%
population long tail          122    49.2%    40.8%
floor of zero: size largest

v0.6 against its own floors: kept
strength 0.02 against them:
  auc 0.7618 below 0.7800
  region Midwest: 0.500 of leavers called, below 0.5714
  size third: 0.105 of leavers called, below 0.1153
