run           name                 data      code       log loss
3b43ec4d3448  booster, Chapter 11  aecfe428  885a2eeb    0.21517
c23918019fe9  booster, tuned       aecfe428  885a2eeb    0.21304
3b43ec4d3448  booster, Chapter 11  aecfe428  885a2eeb    0.21517

The repeat has the first run's id: True
The log has 3 lines; nothing in it was rewritten.

{
 "code": {
  "environment": {
   "lightgbm": "4.7.0",
   "python": "3.12.1",
   "seed": 20260201,
   "threads": 1
  },
  "files": [
   "foresight/config.py",
   "foresight/models/boosting.py",
   "foresight/tune.py"
  ],
  "sha256": "885a2eeb262d3568..."
 },
 "data": {
  "content_sha256": "aecfe42891d25b8c...",
  "matches_manifest": true,
  "rows": 5041,
  "rows_sha256": "835353345a242a8d...",
  "table": "renewals_table.parquet"
 },
 "metrics": {
  "auc": 0.78867,
  "leavers": 66,
  "log loss": 0.21304
 },
 "name": "booster, tuned",
 "params": {
  "columns": 0.88539,
  "l2": 16.78531,
  "leaves": 2,
  "min_leaf": 29,
  "rate": 0.23831,
  "rows": 0.9826
 },
 "run": "c23918019fe9"
}
