mark        rows  rows that  largest  calls     leavers
                     differ   change  moved  table  SQL
2024-01-01   228         23    0.572      9      5    5
2024-01-31   276         27    0.562      9      9    7
2024-03-02   348         30    0.563     10     11   11
2024-04-01   338         47    0.406      1     10   10
2024-05-02   358         42    0.363      0      9    9
2024-06-02   348         42    0.187      1      8    8
2024-07-02   318         40    0.076      2     12   12
2024-08-02   349         46    0.495      0      8    8
2024-09-01   346         37    0.055      1      9    9
2024-10-02   364         36    0.103      1     14   14
2024-11-02   274         31    0.058      1     10   10
2024-11-30   273         30    0.038      0     14   14
2024                    431              35    119  117

Contract 7424, account 4342, marked 2024-01-01
                      table      SQL
days_since_order          7     none
orders_90d                7        0
orders_prev_90d           3        0
spend_365             9,690        0
tickets_90d               0        0
chance                 6.3%    63.5%
place in cohort         104        3
