Contract 4095, mark 2023-01-30, Small business, left
  recency           35 days since the last order
  frequency         22 orders in the year
  monetary      20,103 dollars in the year
  orders in windows: 30 days 0, 90 days 3, the 90 before 6

One column alone, training       AUC  direction
  orders_90d                   0.754  lower, riskier
  recency                      0.754  higher, riskier
  orders_365                   0.693  lower, riskier
  spend_365                    0.690  lower, riskier
  tickets_90d                  0.525  lower, riskier
  term_months                  0.501  lower, riskier
  tenure_days                  0.501  higher, riskier

RFM score, training    contracts    left
  3-6                      1,473   13.8%
  7-9                      1,239    5.4%
  10-12                    1,248    3.3%
  13-15                    1,081    1.6%

Tuning cohorts             columns  log loss    AUC  leavers
  recency, freq., money          3   0.22254  0.756       86
  v0.4's lasso                  16   0.21532  0.764       90
