mark                     long tail                key accounts
                days  median spend  rows    days  median spend
2022-11-02       305        12,118     5       0             0
2022-11-30       333        11,265     5       0             0
2022-12-31       364        11,799     2       0             0
2023-01-30       365        14,423     1      29        29,943
2023-03-02       365        12,494     5      60        67,699
2023-04-01       365        12,588     2      90       113,908
2023-05-02       365        12,970     8     121       159,616
2023-06-02       365        12,233     4     152       182,758
2023-07-02       365        13,904     7     182       241,099
2023-08-02       365        13,430     6     213       302,753
2023-09-01       365        12,311     9     243       283,905
2023-10-02       365        12,974     4     274       304,714
2023-11-02       365        12,458     5     305       421,550
2023-12-01       365        14,136     5     334       333,965
2024-01-01       365        12,217     2     365       502,255
2024-01-31       365        14,559     1     365       477,859
2024-03-02       365        14,561     5     365       509,774
2024-04-01       365        13,027     3     365       541,572
