On each mark: v0.6's chances against those it gave its 7,124
training rows (average 6.3%)
list         contracts  usual  average   PSI
2025-01-30       300    312     5.0%  0.04
2025-03-02       365    304     6.0%  0.03
2025-04-01       353    307     5.6%  0.04
2025-05-02       370    305     5.4%  0.03
2025-06-02       378    321     5.6%  0.05
2025-07-02       350    338     5.5%  0.03
2025-08-02       348    353     5.6%  0.04
2025-09-01       379    361     6.9%  0.02
2025-10-02       422    363     4.9%  0.05
2025-11-02       318    374     6.2%  0.04
2025-11-30       296    366     4.7%  0.11
2025-12-31       283    352     4.9%  0.08

As outcomes arrived: every 2025 outcome on record by the day
day          lists contracts  expected  left  ratio  slope
2025-05-01     1       300      15.1    19   1.26   0.80
2025-06-01     2       665      37.0    60   1.62   0.72
2025-07-01     3     1,018      56.6    83   1.47   0.64
2025-08-01     4     1,388      76.4   120   1.57   0.74
2025-09-01     5     1,766      97.6   151   1.55   0.73
2025-10-01     6     2,116     116.7   190   1.63   0.77
2025-11-01     7     2,464     136.2   216   1.59   0.80
2025-12-01     8     2,843     162.4   249   1.53   0.74
2026-01-01     9     3,265     183.1   290   1.58   0.77

All of it: v0.6's chances averaged 5.6%; 8.9% left
