Foresight monitoring: the week to Wed 31 Dec 2025
Serving exposure (monthly): 10,778 outcomes, fitted 2025-12-31
In shadow: v0.6, monthly, voss share

Alerts this week
  none

The latest list, 2025-12-31
  contracts 283, usual 352
  chances: average 8.9%, PSI 0.07 against training
  inputs over PSI 0.25, with the drift's effect on the average
  log-odds:
    exposure            1.82  +0.354  acknowledged
    tenure_days         0.91  +0.011
    discount_pct        0.33  -0.041
    legacy_terms        0.32  -0.039

Notices: the last four lists whose notices are in
  list         notices  expected    limits
  2025-07-02        39      19.2     7 to 34  !
  2025-08-02        26      19.5     7 to 34
  2025-09-01        33      26.2    12 to 43
  2025-10-02        41      65.6    42 to 92  !

Outcomes on record: 8 lists, 2,843 contracts
  left 249, expected 162.4; calibration slope 0.74
  average chance 5.7%, share that left 8.8%
  leavers in the calls: list 99, rule 84, of 320

The gate, this month (challenger minus champion)
  monthly    -2.5 pts (-4.7 to +0.9), AUC -0.010: stays in shadow
  voss share -2.5 pts (-4.4 to +0.9), AUC -0.005: stays in shadow
  v0.6       -2.2 pts (-5.0 to +0.9), AUC -0.012: stays in shadow

Demand forecast, 2025-11, one month ahead
  WAPE 10.7% (limit 16.0%), seasonal naive 15.2%
  80% intervals held 91.6%; over six months 88.2%

9 alerts in the year; written to foresight-monitoring-2025.md
