The sigmoid squeezes any number into (0, 1)
  z = -6   sigmoid(z) = 0.0025
  z = -4   sigmoid(z) = 0.0180
  z = -2   sigmoid(z) = 0.1192
  z = -1   sigmoid(z) = 0.2689
  z =  0   sigmoid(z) = 0.5000
  z =  1   sigmoid(z) = 0.7311
  z =  2   sigmoid(z) = 0.8808
  z =  4   sigmoid(z) = 0.9820
  z =  6   sigmoid(z) = 0.9975

z = -3.1719 + 0.01283 x days, probability = sigmoid(z)
    days        z  squeezed  the line
       1   -3.159      4.1%      2.4%
      13   -3.005      4.7%      4.3%
      30   -2.787      5.8%      6.9%
      60   -2.402      8.3%     11.5%
      90   -2.017     11.7%     16.1%
     180   -0.863     29.7%     29.8%
     411   +2.101     89.1%     65.2%
     639   +5.026     99.3%    100.1%
Every 30 days without an order multiplies the odds by 1.47
