                 rows left calls miss   (95%) FPR   gap        (95%)
region
 Midwest          314   18    42   22    5-43   9  +0.3 -2.1 to +2.5
 Northeast        491   28    47   46   28-67   7  -0.3 -2.3 to +1.5
 Southeast        422   19    46   58   36-80   9  +1.0 -1.0 to +2.7
 Southwest        535   37    68   59   43-75  11  -1.0 -3.1 to +1.0
 West             321   20    37   60   36-81  10  -0.8 -3.5 to +1.8
segment
 Enterprise       132    1     0  100 100-100   0  +1.0 -0.7 to +1.9
 Mid-market       706   17    27   71   47-92   3  +1.4 +0.2 to +2.4
 Public sector    229    3     5   33   0-100   1  +0.9 -0.7 to +2.1
 Small business 1,016  101   208   48   38-57  17  -1.7 -3.5 to  0.0
size
 smallest         519   60   143   32   20-44  22  -2.2 -4.9 to +0.2
 second           473   29    59   55   37-72  10   0.0 -2.2 to +2.0
 third            532   19    28   68   46-88   4  +0.7 -0.9 to +2.2
 largest          559   14    10  100 100-100   2  +0.6 -0.7 to +1.8
tenure
 under 1 year     245   18    25   39   15-62   6  -2.3 -5.5 to +0.7
 1-3 years        418   19    37   53   28-76   7  +0.5 -1.5 to +2.2
 3-6 years        479   25    60   52   33-72  11  +0.5 -1.5 to +2.4
 over 6 years     941   60   118   53   41-66  10  -0.4 -1.9 to +1.0
population
 key accounts      37    0     0    -           0  +1.2 +0.8 to +1.6
 long tail      2,046  122   240   51   42-59   9  -0.2 -1.2 to +0.7
miss: % of the slice's leavers not called. FPR: % of its
renewers called. gap: average chance minus share left, in
points. Intervals: 95%, resampled within each cohort.
