Cloth complaints a month: 1.9 on average, January 2022 to
September 2024; then
  2024-10   483
  2024-11   425
  2024-12   460
  2025-01     2
  2025-02     6
  2025-03     2

Contracts with a complaint before the mark
marks in  split       contracts  90 days  365 days
2022Q4    train             589        0         4
2023Q1    train             554        0         1
2023Q2    train             954        0         4
2023Q3    train             943        0         3
2023Q4    train             811        2        10
2024Q1    train             852        2         7
2024Q2    train             338        1         4
2024Q2    validation        706        1         5
2024Q3    validation      1,013        0         3
2024Q4    test              811      137       140
2024Q4    validation        364        2         3
2025Q1    test              665       64       125
2025Q2    test            1,101        2       197
2025Q3    test            1,077        1       206
2025Q4    test              422        2        78

Training and validation: 8 of 7,124 contracts carry the
90-day column
